******************************************************************************
               TMS320C6x Linker PC v7.4.24                     
******************************************************************************
>> Linked Thu Jul 16 08:42:24 2026

OUTPUT FILE NAME:   <PreampCtrl_MM_TI_Example.dll>
ENTRY POINT SYMBOL: "AlgEntry"  address: 00000b6c


MEMORY CONFIGURATION

         name            origin    length      used     unused   attr    fill
----------------------  --------  ---------  --------  --------  ----  --------
  INTERNAL_MEM          00000000   80100000  00001144  800feebc  RWIX
  EXTERNAL_MEM          80100000   7fefffff  00000000  7fefffff  RWIX


SEGMENT ALLOCATION MAP

run origin  load origin   length   init length attrs members
----------  ----------- ---------- ----------- ----- -------
00000000    00000000    00001140   00001140    r-x
  00000000    00000000    00001140   00001140    r-x .text
00001140    00001140    00000004   00000000    rw-
  00001140    00001140    00000004   00000000    rw- .far


SECTION ALLOCATION MAP

 output                                  attributes/
section   page    origin      length       input sections
--------  ----  ----------  ----------   ----------------
.cinit     0    00000000    00000000     UNINITIALIZED

.init_array 
*          0    00000000    00000000     UNINITIALIZED

.text      0    00000000    00001140     
                  00000000    00000b80     PreampCtrl_AlgProc.obj (.text)
                  00000b80    00000200     rts67plus_elf.lib : memcpy62.obj (.text:memcpy)
                  00000d80    00000140                       : autoinit.obj (.text:_auto_init_elf)
                  00000ec0    00000100                       : cpy_tbl.obj (.text:copy_in)
                  00000fc0    00000100                       : tls.obj (.text:tls:init:__TI_tls_init)
                  000010c0    00000080                       : cpp_init.obj (.text:__TI_cpp_init)

.far       0    00001140    00000004     UNINITIALIZED
                  00001140    00000004     PreampCtrl_AlgProc.obj (.far)


GLOBAL SYMBOLS: SORTED ALPHABETICALLY BY Name 

address    name
--------   ----
00000b6c   AlgEntry
0000002c   _Z35PreampCtrl_AlgorithmProcessFunctionPKP23SPreampCtrl_Alg_ContextPKv
UNDEFED    __TI_CINIT_Base
UNDEFED    __TI_CINIT_Limit
UNDEFED    __TI_Handler_Table_Base
UNDEFED    __TI_Handler_Table_Limit
UNDEFED    __TI_INITARRAY_Base
UNDEFED    __TI_INITARRAY_Limit
00000000   __TI_STATIC_BASE
UNDEFED    __TI_TLS_INIT_Base
UNDEFED    __TI_TLS_INIT_Limit
000010c0   __TI_cpp_init
ffffffff   __TI_pprof_out_hndl
ffffffff   __TI_prof_data_size
ffffffff   __TI_prof_data_start
00000fc0   __TI_tls_init
00001140   __binit__
00000d80   _auto_init_elf
00000ec0   copy_in
00000b80   memcpy


GLOBAL SYMBOLS: SORTED BY Symbol Address 

address    name
--------   ----
00000000   __TI_STATIC_BASE
0000002c   _Z35PreampCtrl_AlgorithmProcessFunctionPKP23SPreampCtrl_Alg_ContextPKv
00000b6c   AlgEntry
00000b80   memcpy
00000d80   _auto_init_elf
00000ec0   copy_in
00000fc0   __TI_tls_init
000010c0   __TI_cpp_init
00001140   __binit__
ffffffff   __TI_pprof_out_hndl
ffffffff   __TI_prof_data_size
ffffffff   __TI_prof_data_start
UNDEFED    __TI_CINIT_Base
UNDEFED    __TI_CINIT_Limit
UNDEFED    __TI_Handler_Table_Base
UNDEFED    __TI_Handler_Table_Limit
UNDEFED    __TI_INITARRAY_Base
UNDEFED    __TI_INITARRAY_Limit
UNDEFED    __TI_TLS_INIT_Base
UNDEFED    __TI_TLS_INIT_Limit

[20 symbols]


DYNAMIC SYMBOLS: SORTED ALPHABETICALLY BY Name 

address    name
--------   ----
UNDEFED    
00001100   $C$RL0
00000f60   $C$RL0
00000ac8   $C$RL0
00000de0   $C$RL0
00001070   $C$RL1
00000f7c   $C$RL1
00000b04   $C$RL1
00000e60   $C$RL1
00000e98   $C$RL2
00000ea8   $C$RL3
00000000   __TI_STATIC_BASE
ffffffff   __TI_pprof_out_hndl
ffffffff   __TI_prof_data_size
ffffffff   __TI_prof_data_start
00001140   __binit__
00000d80   _auto_init_elf

[17 symbols]


IMPORTED and EXPORTED SYMBOLS: SORTED ALPHABETICALLY BY Name 

IMPORTED SYMBOLS

name                           size      Imported from
-----------------------------  --------  -------------

[0 symbols]


EXPORTED SYMBOLS

address    name
--------   ----
00000d80   _auto_init_elf
